// Jest Snapshot v1, https://goo.gl/fbAQLP

exports[`NoInvestments renders correctly 1`] = `
<View
  style={
    [
      {
        "flex": 1,
      },
      {
        "alignItems": "center",
        "justifyContent": "center",
      },
    ]
  }
>
  <Text>
    You have no investments
  </Text>
</View>
`;
